Microchip MPLAB XC8 PIC(R) Assembler V3.10

Linker command line:

-W-3 \
  --edf=C:\Program Files\Microchip\xc8\v3.10\pic\dat\20250813170317_en.msgs \
  -cs -h+dist/default/debug\LAB7-traffic-lights.X.debug.sym \
  --cmf=dist/default/debug\LAB7-traffic-lights.X.debug.cmf -z -Q16F883 \
  -oC:\Users\chris\AppData\Local\Temp\xcAsh1w.0\driver_tmp_3.o \
  -presetVect=0h -pisrVect=4h -pcode=20h --fixupoverflow=error \
  -ver=XC8 PIC(R) Assembler --fixupoverflow=lstwarn \
  -Mdist/default/debug/LAB7-traffic-lights.X.debug.map -E1 \
  -ACODE=00h-07FFhx2 -ASTRCODE=00h-0FFFh -ASTRING=00h-0FFhx16 \
  -ACONST=00h-0FFhx16 -AENTRY=00h-0FFhx16 -ACOMMON=070h-07Fh \
  -ABANK0=020h-06Fh -ABANK1=0A0h-0EFh -ABANK2=0120h-016Fh \
  -ARAM=020h-06Fh,0A0h-0EFh,0120h-016Fh \
  -AABS1=020h-07Fh,0A0h-0EFh,0120h-016Fh -ASFR0=00h-01Fh -ASFR1=080h-09Fh \
  -ASFR2=0100h-011Fh -ASFR3=0180h-01EFh -ACONFIG=02007h-02008h -DCONFIG=2 \
  -AIDLOC=02000h-02003h -DIDLOC=2 -AEEDATA=00h-0FFh/02100h -DEEDATA=2 \
  -DCODE=2 -DSTRCODE=2 -DSTRING=2 -DCONST=2 -DENTRY=2 \
  build/default/debug/traffic_lights.o 

Object code version is 3.11

Machine type is 16F883



                Name                               Link     Load   Length Selector   Space Scale
build/default/debug/traffic_lights.o
                config                             2007     2007        2        0       4
                isrVect                               4        4        5        8       0
                resetVect                             0        0        1        0       0
                code                                 20       20       D6       40       0
                udata                                20       20        7       20       1

TOTAL           Name                               Link     Load   Length     Space
        CLASS   CODE           
                isrVect                               4        4        5         0
                resetVect                             0        0        1         0
                code                                 20       20       D6         0

        CLASS   STRCODE        

        CLASS   STRING         

        CLASS   CONST          

        CLASS   ENTRY          

        CLASS   COMMON         

        CLASS   BANK0          

        CLASS   BANK1          

        CLASS   BANK2          

        CLASS   RAM            
                udata                                20       20        7         1

        CLASS   ABS1           

        CLASS   SFR0           

        CLASS   SFR1           

        CLASS   SFR2           

        CLASS   SFR3           

        CLASS   CONFIG         
                config                             2007     2007        2         4

        CLASS   IDLOC          

        CLASS   EEDATA         



SEGMENTS        Name                           Load    Length   Top    Selector   Space  Class     Delta

                resetVect                      000000  000001  000001         0       0  CODE        2
                isrVect                        000004  000005  000009         8       0  CODE        2
                udata                          000020  000007  000027        20       1  RAM         1
                code                           000020  0000D6  0000F6        40       0  CODE        2


UNUSED ADDRESS RANGES

        Name                Unused          Largest block    Delta
        BANK0            0027-006F             49           1
        BANK1            00A0-00EF             50           1
        BANK2            0120-016F             50           1
        CODE             0001-0003              3           2
                         0009-001F             17
                         00F6-0FFF            70A
        COMMON           0070-007F             10           1
        CONST            0001-0003              3           2
                         0009-001F             17
                         00F6-0FFF            100
        EEDATA           2100-21FF            100           2
        ENTRY            0001-0003              3           2
                         0009-001F             17
                         00F6-0FFF            100
        IDLOC            2000-2003              4           2
        RAM              0027-006F             49           1
                         00A0-00EF             50
                         0120-016F             50
        SFR0             0002-0007              6           1
                         0012-001F              E
        SFR3             01EC-01EF              4           1
        STRCODE          0001-0003              3           2
                         0009-001F             17
                         00F6-0FFF            F0A
        STRING           0001-0003              3           2
                         0009-001F             17
                         00F6-0FFF            100

                                  Symbol Table

__H__absolute__ __absolute__ 0000  __Hcode         code         00F6
__Hconfig       config       2009  __Hdata         data         01EC
__Hedata        edata        01EC  __HisrVect      isrVect      0009
__HresetVect    resetVect    0001  __Hspace_0      (abs)        01EC
__Hspace_1      (abs)        0027  __Hspace_3      (abs)        0000
__Hspace_4      (abs)        4010  __Hudata        udata        01EC
__Hudata_bank0  udata_bank0  01EC  __Hudata_bank1  udata_bank1  01EC
__Hudata_bank2  udata_bank2  01EC  __Hudata_shr    udata_shr    01EC
__L__absolute__ __absolute__ 0000  __Lcode         code         0020
__Lconfig       config       0000  __Ldata         data         01EC
__Ledata        edata        01EC  __LisrVect      isrVect      0004
__LresetVect    resetVect    0000  __Lspace_0      (abs)        0000
__Lspace_1      (abs)        0000  __Lspace_3      (abs)        0000
__Lspace_4      (abs)        0000  __Ludata        udata        01EC
__Ludata_bank0  udata_bank0  01EC  __Ludata_bank1  udata_bank1  01EC
__Ludata_bank2  udata_bank2  01EC  __Ludata_shr    udata_shr    01EC
__S0            (abs)        0000  __S1            (abs)        0027
__S3            (abs)        0000  
