Microchip MPLAB XC8 PIC(R) Assembler V3.10

Linker command line:

-W-3 \
  --edf=C:\Program Files\Microchip\xc8\v3.10\pic\dat\20250813170317_en.msgs \
  -cs -h+dist/default/production\LAB7-traffic-lights.X.production.sym \
  --cmf=dist/default/production\LAB7-traffic-lights.X.production.cmf -z \
  -Q16F883 -oC:\Users\chris\AppData\Local\Temp\xcAsl7o.0\driver_tmp_3.o \
  -presetVect=0h -pisrVect=4h -pcode=20h --fixupoverflow=error \
  -ver=XC8 PIC(R) Assembler --fixupoverflow=lstwarn \
  -Mdist/default/production/LAB7-traffic-lights.X.production.map -E1 \
  -ACODE=00h-07FFhx2 -ASTRCODE=00h-0FFFh -ASTRING=00h-0FFhx16 \
  -ACONST=00h-0FFhx16 -AENTRY=00h-0FFhx16 -ACOMMON=070h-07Fh \
  -ABANK0=020h-06Fh -ABANK1=0A0h-0EFh -ABANK2=0120h-016Fh \
  -ARAM=020h-06Fh,0A0h-0EFh,0120h-016Fh \
  -AABS1=020h-07Fh,0A0h-0EFh,0120h-016Fh -ASFR0=00h-01Fh -ASFR1=080h-09Fh \
  -ASFR2=0100h-011Fh -ASFR3=0180h-01EFh -ACONFIG=02007h-02008h -DCONFIG=2 \
  -AIDLOC=02000h-02003h -DIDLOC=2 -AEEDATA=00h-0FFh/02100h -DEEDATA=2 \
  -DCODE=2 -DSTRCODE=2 -DSTRING=2 -DCONST=2 -DENTRY=2 \
  build/default/production/traffic_lights.o 

Object code version is 3.11

Machine type is 16F883



                Name                               Link     Load   Length Selector   Space Scale
build/default/production/traffic_lights.o
                config                             2007     2007        2        0       4
                mainCode                             AF       AF       6D        8       0
                isrCode                               9        9       A6        8       0
                isrVect                               4        4        5        8       0
                resetVect                             0        0        1        0       0
                udata_bank0                          20       20        5       20       1

TOTAL           Name                               Link     Load   Length     Space
        CLASS   CODE           
                mainCode                             AF       AF       6D         0
                isrCode                               9        9       A6         0
                isrVect                               4        4        5         0
                resetVect                             0        0        1         0

        CLASS   STRCODE        

        CLASS   STRING         

        CLASS   CONST          

        CLASS   ENTRY          

        CLASS   COMMON         

        CLASS   BANK0          
                udata_bank0                          20       20        5         1

        CLASS   BANK1          

        CLASS   BANK2          

        CLASS   RAM            

        CLASS   ABS1           

        CLASS   SFR0           

        CLASS   SFR1           

        CLASS   SFR2           

        CLASS   SFR3           

        CLASS   CONFIG         
                config                             2007     2007        2         4

        CLASS   IDLOC          

        CLASS   EEDATA         



SEGMENTS        Name                           Load    Length   Top    Selector   Space  Class     Delta

                resetVect                      000000  000001  000001         0       0  CODE        2
                isrVect                        000004  000118  00011C         8       0  CODE        2
                udata_bank0                    000020  000005  000025        20       1  BANK0       1


UNUSED ADDRESS RANGES

        Name                Unused          Largest block    Delta
        BANK0            0025-006F             4B           1
        BANK1            00A0-00EF             50           1
        BANK2            0120-016F             50           1
        CODE             0001-0003              3           2
                         011C-0FFF            6E4
        COMMON           0070-007F             10           1
        CONST            0001-0003              3           2
                         011C-0FFF            100
        EEDATA           2100-21FF            100           2
        ENTRY            0001-0003              3           2
                         011C-0FFF            100
        IDLOC            2000-2003              4           2
        RAM              0025-006F             4B           1
                         00A0-00EF             50
                         0120-016F             50
        SFR0             0002-0007              6           1
        STRCODE          0001-0003              3           2
                         011C-0FFF            EE4
        STRING           0001-0003              3           2
                         011C-0FFF            100

                                  Symbol Table

__H__absolute__ __absolute__ 0000  __Hcode         code         0020
__Hconfig       config       2009  __Hdata         data         0040
__Hedata        edata        0040  __HisrCode      isrCode      0040
__HisrVect      isrVect      0009  __HmainCode     mainCode     0040
__HresetVect    resetVect    0001  __Hspace_0      (abs)        011C
__Hspace_1      (abs)        0025  __Hspace_3      (abs)        0000
__Hspace_4      (abs)        4010  __Hudata        udata        0040
__Hudata_bank0  udata_bank0  0040  __Hudata_bank1  udata_bank1  0040
__Hudata_bank2  udata_bank2  0040  __Hudata_shr    udata_shr    0040
__L__absolute__ __absolute__ 0000  __Lcode         code         0020
__Lconfig       config       0000  __Ldata         data         0040
__Ledata        edata        0040  __LisrCode      isrCode      0040
__LisrVect      isrVect      0004  __LmainCode     mainCode     0040
__LresetVect    resetVect    0000  __Lspace_0      (abs)        0000
__Lspace_1      (abs)        0000  __Lspace_3      (abs)        0000
__Lspace_4      (abs)        0000  __Ludata        udata        0040
__Ludata_bank0  udata_bank0  0040  __Ludata_bank1  udata_bank1  0040
__Ludata_bank2  udata_bank2  0040  __Ludata_shr    udata_shr    0040
__S0            (abs)        011C  __S1            (abs)        0025
__S3            (abs)        0000  
